[backblue.gif]
[fade.gif]
[index.html]
[demos.zozotheme.com/construction/favicon.ico]
[demos.zozotheme.com/construction/assets/img/logo.png]
[demos.zozotheme.com/construction/assets/img/banner-man.png]
[demos.zozotheme.com/construction/assets/img/abt1.jpg]
[demos.zozotheme.com/construction/assets/img/ceo.png]
[demos.zozotheme.com/construction/assets/img/services.jpg]
[demos.zozotheme.com/construction/assets/img/why-1.png]
[demos.zozotheme.com/construction/assets/img/team1.jpg]
[demos.zozotheme.com/construction/assets/img/team2.jpg]
[demos.zozotheme.com/construction/assets/img/team3.jpg]
[demos.zozotheme.com/construction/assets/img/team4.jpg]
[demos.zozotheme.com/construction/assets/img/testimonial-1.jpg]
[demos.zozotheme.com/construction/assets/img/logo/2.png]
[demos.zozotheme.com/construction/assets/img/logo/6.png]
[demos.zozotheme.com/construction/assets/img/logo/3.png]
[demos.zozotheme.com/construction/assets/img/logo/5.png]
[demos.zozotheme.com/construction/assets/img/logo/4.png]
[demos.zozotheme.com/construction/assets/img/logo/1.png]
[demos.zozotheme.com/construction/assets/img/logo-footer.png]
[demos.zozotheme.com/construction/assets/js/jquery.min.js]
[demos.zozotheme.com/construction/assets/js/bootstrap.min.js]
[demos.zozotheme.com/construction/assets/js/owl.carousel.min.js]
[demos.zozotheme.com/construction/assets/js/site.js]
[demos.zozotheme.com/construction/assets/js/wow.min.js]
[demos.zozotheme.com/construction/assets/js/jquery.form.js]
[demos.zozotheme.com/construction/assets/js/jquery.validate.min.js]
[demos.zozotheme.com/construction/assets/js/jquery.gmap.js]
[demos.zozotheme.com/construction/index.html]
[demos.zozotheme.com/construction/assets/fonts/glyphicons-halflings-regular.eot]
[demos.zozotheme.com/construction/assets/fonts/glyphicons-halflings-regular.woff2]
[demos.zozotheme.com/construction/assets/fonts/glyphicons-halflings-regulard41d.eot]
[demos.zozotheme.com/construction/assets/fonts/glyphicons-halflings-regular.woff]
[demos.zozotheme.com/construction/assets/fonts/glyphicons-halflings-regular.ttf]
[demos.zozotheme.com/construction/assets/css/bootstrap.min.css]
[demos.zozotheme.com/construction/assets/img/banner3.jpg]
[demos.zozotheme.com/construction/assets/img/abt-2.jpg]
[demos.zozotheme.com/construction/assets/img/ceo.jpg]
[demos.zozotheme.com/construction/assets/img/client.jpg]
[demos.zozotheme.com/construction/assets/img/our-team.jpg]
[demos.zozotheme.com/construction/assets/img/testimonial-bg.jpg]
[demos.zozotheme.com/construction/assets/img/footer.jpg]
[demos.zozotheme.com/construction/assets/img/loader.gif]
[demos.zozotheme.com/construction/assets/css/main.css]
[demos.zozotheme.com/construction/assets/css/responsive.css]
[demos.zozotheme.com/construction/index-2.html]
[demos.zozotheme.com/construction/assets/fonts/glyphicons-halflings-regular.svg]
[demos.zozotheme.com/construction/assets/fonts/fontawesome-webfont93e3.eot]
[demos.zozotheme.com/construction/assets/fonts/fontawesome-webfontd41d.eot]
[demos.zozotheme.com/construction/assets/fonts/fontawesome-webfont93e3.woff2]
[demos.zozotheme.com/construction/assets/fonts/fontawesome-webfont93e3.woff]
[demos.zozotheme.com/construction/assets/fonts/fontawesome-webfont93e3.ttf]
[demos.zozotheme.com/construction/assets/css/font-awesome.min.css]
[demos.zozotheme.com/construction/assets/css/hover.css]
[demos.zozotheme.com/construction/assets/css/owl.carousel.css]
[demos.zozotheme.com/construction/assets/css/owl.theme.default.min.css]
[demos.zozotheme.com/construction/assets/css/animate.css]
[demos.zozotheme.com/construction/assets/img/brick.png]
[demos.zozotheme.com/construction/assets/css/global.css]
[demos.zozotheme.com/construction/assets/fonts/fontawesome-webfont93e3.svg]
[demos.zozotheme.com/construction/assets/css/grabbing.html]
[demos.zozotheme.com/construction/assets/css/AjaxLoader.html]
[demos.zozotheme.com/construction/assets/img/progress-bg.html]
[demos.zozotheme.com/construction/assets/img/breadcrumb-bg.html]
